Executing: python /mnt/hd1/home/sishuo/lab-tools/phyloHessian/additional_scripts/run_unrooted_ndch.py -m JC+G --alignment /mnt/hd1/home/sishuo/lab-tools/phyloHessian/example-dna/sim/alignment/combined.fas --tree /mnt/hd1/home/sishuo/lab-tools/phyloHessian/example-dna/ref.tre --pre /mnt/hd1/home/sishuo/lab-tools/phyloHessian/p4-analysis/p4/JC --optimizer BOBYQA --comp_clade t1,t5 --refine
Requested component 2 paths:
  none
Requested component 2 clades:
  t1,t5

Resolved clade specification: t1,t5
  Rooted LCA: node_12
  Rooted LCA descendants: t1,t12,t5,t9
  Selected 6 branches:
    1. node_12 -> node_13; descendants=t1,t12,t9
    2. node_13 -> node_14; descendants=t1,t12
    3. node_14 -> t1; descendants=t1
    4. node_14 -> t12; descendants=t12
    5. node_13 -> t9; descendants=t9
    6. node_12 -> t5; descendants=t5

Total unique branches assigned to component 2: 6
Assigning component 2 to node_12 -> node_13; descendants=t1,t12,t9; selected_by=clade 't1,t5'
Assigning component 2 to node_13 -> node_14; descendants=t1,t12; selected_by=clade 't1,t5'
Assigning component 2 to node_14 -> t1; descendants=t1; selected_by=clade 't1,t5'
Assigning component 2 to node_14 -> t12; descendants=t12; selected_by=clade 't1,t5'
Assigning component 2 to node_13 -> t9; descendants=t9; selected_by=clade 't1,t5'
Assigning component 2 to node_12 -> t5; descendants=t5; selected_by=clade 't1,t5'

Composition settings before modelSanityCheck():
  comp 1: free=1, values=[0.25, 0.25, 0.25, 0.25]
  comp 2: free=1, values=[0.4, 0.1, 0.1, 0.4]

Composition settings after modelSanityCheck():
  comp 1: free=1, values=[0.25, 0.25, 0.25, 0.25]
  comp 2: free=1, values=[0.4, 0.1, 0.1, 0.4]

Number of free model parameters reported by p4: 7
Composition frequencies are free and will be optimized.

Tree with model assignments:
        +===========2:t7
        |
+=======1           +=========4:t19
|       +===========3
|                   +======5:t11
|
|         +===========7:t2
|         |
|=========6          +=======9:t13
|         +==========8
|                    +======10:t18
|
0                                      +@@@@@@@@@15:t1
|                             +@@@@@@@@14
|                 +@@@@@@@@@@@13       +@@@@@@@@@@16:t12
|                 |           |
|        +========12          +@@@@@@@@@@@17:t9
|        |        |
|        |        +@@@@@@@@@@@@@@@@@@@18:t5
|        |
|        |                       +=============22:t17
|        |                       |
+========11              +=======21       +=============24:t14
         |               |       +========23
         |      +========20               +==============25:t10
         |      |        |
         |      |        +==================26:t6
         |      |
         +======19               +=================29:t20
                |                |
                |        +=======28           +=====31:t16
                |        |       +============30
                +========27                   +=====32:t8
                         |
                         |       +=============34:t15
                         |       |
                         +=======33            +=====36:t3
                                 +=============35
                                               +=====37:t4
The tree above shows part 0 comps
    0   =
    1   @
    root (node 0) has comp 0, symbol =
The rate matrix is homogeneous in part 0


Optimizing likelihood with BOBYQA ...
optLogLike = -5851.883497
cpu time 0.00235748291015625 seconds.

Refining likelihood with newtAndBrentPowell ...
optLogLike = -5490.205553
cpu time 7.745511054992676 seconds.

Optimized log likelihood: -5490.2055527187

Starting and optimized composition vectors:

  Component 1
    free:      1
    starting:  [0.25, 0.25, 0.25, 0.25]
    optimized: [0.3261850900016149, 0.275402728560408, 0.1606508301622267, 0.23776135127575046]
    maximum absolute change: 0.0893491698378

  Component 2
    free:      1
    starting:  [0.4, 0.1, 0.1, 0.4]
    optimized: [0.3347829540564341, 0.3008283840499636, 0.17092263139752834, 0.1934660304960739]
    maximum absolute change: 0.206533969504

Substitution model:
  requested model: JC
  base model:      JC
  rate matrix:     0
  rate spec:       ones
  rate free:       0
  rate values:     [0.16666666666666666, 0.16666666666666666, 0.16666666666666666, 0.16666666666666666, 0.16666666666666666, 0.16666666666666666]
  IQ-TREE rate constraint: 000000
  p4 rate handling:        gamma
  invariant proportion: 0; free=0
  NDCH frequencies: independently optimized
  Note: the requested base model normally has equal frequencies, but this NDCH analysis overrides that frequency constraint.
  gamma categories: 4
  gamma alpha:      300; free=1
  gamma frequencies: [0.25, 0.25, 0.25, 0.25]
  gamma rates:       [0.927595926908353, 0.9803149495059337, 1.0177802521194041, 1.0743088714663092]

Composition components and resulting Q matrices:
Q row/column order: A C G T

Component 1: free=1
Frequencies: [0.3261850900016149, 0.275402728560408, 0.1606508301622267, 0.23776135127575046]
Resulting Q:
             A            C            G            T
A   -0.91623456   0.37448489   0.21844848   0.32330120
C    0.44353731  -0.98528699   0.21844848   0.32330120
G    0.44353731   0.37448489  -1.14132340   0.32330120
T    0.44353731   0.37448489   0.21844848  -1.03647068

Component 2: free=1
Frequencies: [0.3347829540564341, 0.3008283840499636, 0.17092263139752834, 0.1934660304960739]
Resulting Q:
             A            C            G            T
A   -0.91028483   0.41165439   0.23389100   0.26473945
C    0.45811791  -0.95674836   0.23389100   0.26473945
G    0.45811791   0.41165439  -1.13451175   0.26473945
T    0.45811791   0.41165439   0.23389100  -1.10366330

Branch composition assignments:
node_0 -> node_1 : comp 1, length=0.07745479052, descendants=t11,t19,t7, selected_by=background
node_1 -> t7 : comp 1, length=0.2055691581, descendants=t7, selected_by=background
node_1 -> node_3 : comp 1, length=0.2520176102, descendants=t11,t19, selected_by=background
node_3 -> t19 : comp 1, length=0.1356976984, descendants=t19, selected_by=background
node_3 -> t11 : comp 1, length=0.04549407035, descendants=t11, selected_by=background
node_0 -> node_6 : comp 1, length=0.1151816036, descendants=t13,t18,t2, selected_by=background
node_6 -> t2 : comp 1, length=0.2322430536, descendants=t2, selected_by=background
node_6 -> node_8 : comp 1, length=0.2064762379, descendants=t13,t18, selected_by=background
node_8 -> t13 : comp 1, length=0.05666359031, descendants=t13, selected_by=background
node_8 -> t18 : comp 1, length=0.03775467184, descendants=t18, selected_by=background
node_0 -> node_11 : comp 1, length=0.1403209023, descendants=t1,t10,t12,t14,t15,t16,t17,t20,t3,t4,t5,t6,t8,t9, selected_by=background
node_11 -> node_12 : comp 1, length=0.06896865597, descendants=t1,t12,t5,t9, selected_by=background
node_12 -> node_13 : comp 2, length=0.318633656, descendants=t1,t12,t9, selected_by=clade 't1,t5'
node_13 -> node_14 : comp 2, length=0.1100172801, descendants=t1,t12, selected_by=clade 't1,t5'
node_14 -> t1 : comp 2, length=0.12748634, descendants=t1, selected_by=clade 't1,t5'
node_14 -> t12 : comp 2, length=0.1609016231, descendants=t12, selected_by=clade 't1,t5'
node_13 -> t9 : comp 2, length=0.2451310691, descendants=t9, selected_by=clade 't1,t5'
node_12 -> t5 : comp 2, length=0.628508257, descendants=t5, selected_by=clade 't1,t5'
node_11 -> node_19 : comp 1, length=1e-08, descendants=t10,t14,t15,t16,t17,t20,t3,t4,t6,t8, selected_by=background
node_19 -> node_20 : comp 1, length=0.172688226, descendants=t10,t14,t17,t6, selected_by=background
node_20 -> node_21 : comp 1, length=0.08776837797, descendants=t10,t14,t17, selected_by=background
node_21 -> t17 : comp 1, length=0.3131987909, descendants=t17, selected_by=background
node_21 -> node_23 : comp 1, length=0.06542175334, descendants=t10,t14, selected_by=background
node_23 -> t14 : comp 1, length=0.3065440858, descendants=t14, selected_by=background
node_23 -> t10 : comp 1, length=0.3550311541, descendants=t10, selected_by=background
node_20 -> t6 : comp 1, length=0.5283113239, descendants=t6, selected_by=background
node_19 -> node_27 : comp 1, length=0.07776970976, descendants=t15,t16,t20,t3,t4,t8, selected_by=background
node_27 -> node_28 : comp 1, length=0.06383710011, descendants=t16,t20,t8, selected_by=background
node_28 -> t20 : comp 1, length=0.4155228726, descendants=t20, selected_by=background
node_28 -> node_30 : comp 1, length=0.2750612345, descendants=t16,t8, selected_by=background
node_30 -> t16 : comp 1, length=1e-08, descendants=t16, selected_by=background
node_30 -> t8 : comp 1, length=0.01004160603, descendants=t8, selected_by=background
node_27 -> node_33 : comp 1, length=0.1073762543, descendants=t15,t3,t4, selected_by=background
node_33 -> t15 : comp 1, length=0.2847499271, descendants=t15, selected_by=background
node_33 -> node_35 : comp 1, length=0.2680323489, descendants=t3,t4, selected_by=background
node_35 -> t3 : comp 1, length=0.001346179589, descendants=t3, selected_by=background
node_35 -> t4 : comp 1, length=0.01550774717, descendants=t4, selected_by=background

Final optimized composition vectors:
  Component 1: free=1, ACGT=[0.3261850900016149, 0.275402728560408, 0.1606508301622267, 0.23776135127575046]
  Component 2: free=1, ACGT=[0.3347829540564341, 0.3008283840499636, 0.17092263139752834, 0.1934660304960739]

Analysis results written to:
  Maximum-likelihood tree: /mnt/hd1/home/sishuo/lab-tools/phyloHessian/p4-analysis/p4/JC.treefile
  Component-labeled tree: /mnt/hd1/home/sishuo/lab-tools/phyloHessian/p4-analysis/p4/JC.comp.treefile
  JSON results:            /mnt/hd1/home/sishuo/lab-tools/phyloHessian/p4-analysis/p4/JC.result.json
  NDCH report:             /mnt/hd1/home/sishuo/lab-tools/phyloHessian/p4-analysis/p4/JC.ndch
a result -2 BOBYQA
b result -2 BOBYQA
