Executing: iqtree -te example-dna/K80+G/iqtree/iqtree.treefile -m K80+G -s example-dna/sim/alignment/combined.fas -pre example-dna/K80+G/iqtree/iqtree -redo -wsl -quiet -mwopt -keep-ident  -blmin 4.0e-06 -T 2

Executing: Rscript /mnt/hd1/home/sishuo/lab-tools/phyloHessian/parse_tree_seq.R -s example-dna/sim/alignment/combined.fas -t example-dna/K80+G/iqtree/iqtree.treefile --cpu 2 --julia_outdir example-dna/K80+G/julia --force --type DNA
Alignment length: 300 
No. of site patterns: 300 
Executing: bash /mnt/hd1/home/sishuo/lab-tools/phyloHessian/additional_scripts/generate_branch_out_mat.sh -t example-dna/K80+G/iqtree/iqtree.treefile --ref_tree example-dna/ref.tre --outdir example-dna/K80+G/bl --force
Rscript /mnt/hd1/home/sishuo/lab-tools/phyloHessian/additional_scripts/align_bl.R example-dna/K80+G/iqtree/iqtree.treefile example-dna/K80+G/bl/branch_out > example-dna/K80+G/bl/branch_out.matrix
Executing: julia -t 2 /mnt/hd1/home/sishuo/lab-tools/phyloHessian/julia_bl.jl --basics_indir example-dna/K80+G/julia --st DNA --tree example-dna/K80+G/iqtree/iqtree.treefile -b example-dna/K80+G/bl/branch_out.matrix -m K80+G --mfm nothing --outdir example-dna/K80+G/inBV --force  --iqtree example-dna/K80+G/iqtree/iqtree.iqtree --hessian_type STK2004 --fd_scheme central --cache_mode diag 2>example-dna/K80+G/error

2026-08-21T11:02:12.396

rs:	[0.9601, 0.9894, 1.01, 1.041]
props:	[0.25, 0.25, 0.25, 0.25]
freqs:	Float64[]
Qrs:	Float64[]
2026-08-21T11:02:14.120
2026-08-21T11:02:18.656
cache_mode = diag
Starting Hessian and gradient calculation.
2026-08-21T11:02:20.423
best lnL	-5545.239308876668	

2026-08-21T11:02:23.023

Executing: julia /mnt/hd1/home/sishuo/lab-tools/phyloHessian/additional_scripts/MFAtoPHY.jl example-dna/sim/alignment/combined.fas
